// Jest Snapshot v1, https://goo.gl/fbAQLP

exports[`Flex matches snapshot 1`] = `
.c0 {
  box-sizing: border-box;
  display: -webkit-box;
  display: -webkit-flex;
  display: -ms-flexbox;
  display: flex;
}

<div
  className="c0"
>
  <span>
    Flex
  </span>
  <span>
    Flex
  </span>
  <span>
    Flex
  </span>
</div>
`;
